<html>
<body>
<pre>
<h1>µVision Build Log</h1>
<h2>Tool Versions:</h2>
IDE-Version: µVision V5.38.0.0
Copyright (C) 2022 ARM Ltd and ARM Germany GmbH. All rights reserved.
License Information: YAVUZ ELCIL, HSA, LIC=----
 
Tool Versions:
Toolchain:       MDK-Lite  Version: 5.38.0.0
Toolchain Path:  C:\Keil_v5\ARM\ARMCLANG\Bin
C Compiler:      ArmClang.exe V6.19
Assembler:       Armasm.exe V6.19
Linker/Locator:  ArmLink.exe V6.19
Library Manager: ArmAr.exe V6.19
Hex Converter:   FromElf.exe V6.19
CPU DLL:         SARMCM3.DLL V5.38.0.0
Dialog DLL:      DCM.DLL V1.17.5.0
Target DLL:      STLink\ST-LINKIII-KEIL_SWO.dll V3.1.0.0
Dialog DLL:      TCM.DLL V1.56.4.0
 
<h2>Project:</h2>
C:\Users\yavuz\gitLab\embedded_praktikum\Termin_2\V2.1_DAC_USART\Versuch2_DAC_USART.uvprojx
Project File Date:  10/19/2023

<h2>Output:</h2>
*** Using Compiler 'V6.19', folder: 'C:\Keil_v5\ARM\ARMCLANG\Bin'
Rebuild target 'STM32F446RE_NUCLEO'
compiling stm32f4xx_ll_dac.c...
compiling stm32f4xx_ll_adc.c...
assembling startup_stm32f446xx.s...
compiling system_stm32f4xx.c...
compiling USART2.c...
compiling stm32f4xx_ll_usart.c...
compiling DAC.c...
compiling stm32f4xx_ll_pwr.c...
compiling main.c...
compiling stm32f4xx_ll_gpio.c...
compiling stm32f4xx_ll_utils.c...
compiling stm32f4xx_ll_rcc.c...
compiling stm32f4xx_ll_tim.c...
linking...
Program Size: Code=5780 RO-data=764 RW-data=0 ZI-data=1632  
".\Objects\Versuch2_DAC_USART.axf" - 0 Error(s), 0 Warning(s).

<h2>Software Packages used:</h2>

Package Vendor: ARM
                http://www.keil.com/pack/ARM.CMSIS.5.9.0.pack
                ARM.CMSIS.5.9.0
                CMSIS (Common Microcontroller Software Interface Standard)
   * Component: CORE Version: 5.6.0

Package Vendor: Keil
                http://www.keil.com/pack/Keil.STM32F4xx_DFP.2.16.0.pack
                Keil.STM32F4xx_DFP.2.16.0
                STMicroelectronics STM32F4 Series Device Support, Drivers and Examples
   * Component: ADC Version: 1.7.13
   * Component: Common Version: 1.7.13
   * Component: DAC Version: 1.7.13
   * Component: GPIO Version: 1.7.13
   * Component: PWR Version: 1.7.13
   * Component: RCC Version: 1.7.13
   * Component: TIM Version: 1.7.13
   * Component: USART Version: 1.7.13
   * Component: UTILS Version: 1.7.13
   * Component: Startup Version: 2.6.3

<h2>Collection of Component include folders:</h2>
  ./RTE/_STM32F446RE_NUCLEO
  C:/Users/yavuz/AppData/Local/Arm/Packs/ARM/CMSIS/5.9.0/CMSIS/Core/Include
  C:/Users/yavuz/AppData/Local/Arm/Packs/Keil/STM32F4xx_DFP/2.16.0/Drivers/CMSIS/Device/ST/STM32F4xx/Include
  C:/Users/yavuz/AppData/Local/Arm/Packs/Keil/STM32F4xx_DFP/2.16.0/Drivers/STM32F4xx_HAL_Driver/Inc
  C:/Users/yavuz/AppData/Local/Arm/Packs/Keil/STM32F4xx_DFP/2.16.0/Drivers/STM32F4xx_HAL_Driver/Inc/Legacy

<h2>Collection of Component Files used:</h2>

   * Component: ARM::CMSIS:CORE:5.6.0

   * Component: Keil::Device:STM32Cube LL:ADC:1.7.13
      Source file:   Drivers/STM32F4xx_HAL_Driver/Src/stm32f4xx_ll_adc.c

   * Component: Keil::Device:STM32Cube LL:Common:1.7.13

   * Component: Keil::Device:STM32Cube LL:DAC:1.7.13
      Source file:   Drivers/STM32F4xx_HAL_Driver/Src/stm32f4xx_ll_dac.c

   * Component: Keil::Device:STM32Cube LL:GPIO:1.7.13
      Source file:   Drivers/STM32F4xx_HAL_Driver/Src/stm32f4xx_ll_gpio.c

   * Component: Keil::Device:STM32Cube LL:PWR:1.7.13
      Source file:   Drivers/STM32F4xx_HAL_Driver/Src/stm32f4xx_ll_pwr.c

   * Component: Keil::Device:STM32Cube LL:RCC:1.7.13
      Source file:   Drivers/STM32F4xx_HAL_Driver/Src/stm32f4xx_ll_rcc.c

   * Component: Keil::Device:STM32Cube LL:TIM:1.7.13
      Source file:   Drivers/STM32F4xx_HAL_Driver/Src/stm32f4xx_ll_tim.c

   * Component: Keil::Device:STM32Cube LL:USART:1.7.13
      Source file:   Drivers/STM32F4xx_HAL_Driver/Src/stm32f4xx_ll_usart.c

   * Component: Keil::Device:STM32Cube LL:UTILS:1.7.13
      Source file:   Drivers/STM32F4xx_HAL_Driver/Src/stm32f4xx_ll_utils.c

   * Component: Keil::Device:Startup:2.6.3
      Source file:   Drivers/CMSIS/Device/ST/STM32F4xx/Source/Templates/system_stm32f4xx.c
      Include file:  Drivers/CMSIS/Device/ST/STM32F4xx/Include/stm32f4xx.h
      Source file:   MDK/Device/Source/ARM/STM32F4xx_OTP.s
      Source file:   MDK/Device/Source/ARM/STM32F446xx_OPT.s
      Source file:   Drivers/CMSIS/Device/ST/STM32F4xx/Source/Templates/arm/startup_stm32f446xx.s
Build Time Elapsed:  00:00:01
</pre>
</body>
</html>
